1346432:79	0.5872736602888351
305344:79	0.00799061652371527
305344:80	0.04123199205166419